// Jest Snapshot v1, https://goo.gl/fbAQLP

exports[`Sidebar isn't rendered with the sidebar hidden 1`] = `""`;

exports[`Sidebar looks as expected 1`] = `
<aside
  className="column is-3 section is-fullheight menu"
>
  <p
    className="menu-label"
  />
  <FileList />
</aside>
`;
